// Jest Snapshot v1, https://goo.gl/fbAQLP

exports[`Element should render in "debug" mode 1`] = `ShallowWrapper {}`;
